crop=
영상 높이 1080
[23:52:12] 프레임 추출 1100초/5500장/중간 5500장 (누적 127초)
[23:52:22] 장면 구분 시계 이상값 제거 0 / 819 (누적 137초)
[23:52:22] 라인업 {"LS": "GarethBale0413", "RS": "Osumane_dembele1", "CAM": "ufomg123", "LCM": "JANG_BUTTER", "RCM": "Kidz43", "CDM": "Hoiibe", "LB": "GAETERLING", "LCB": "KR_Gang", "RCB": "Gamm_jA", "RB": "MandoolsLove", "GK": "myman6"} (누적 137초)
[23:55:50] 선수·공 검출 (누적 345초)
[23:58:47] 카메라 done 174s usable 3384 / 3510 301 refined (누적 522초)
[23:59:04] 카메라 보정 done 16s usable 3421/3510 rescued 37 (누적 539초)
[00:00:30] 특징 추출 이름표 연결 정리 {'kept': 1716, 'icon': np.int64(1797), 'moved': 206, 'dropped': 120} (누적 625초)
[00:00:38] 팀·추적 (누적 633초)
[00:03:17] 이름 판별 {'ours(model)': 1071, 'undecided→ocr': 487, 'model-rejected': 41, 'opp(ocr)': 640, 'ours(ocr)': 153, 'opp-unnamed': 48} 상대 이름(자동) ['2KR_Fantomupein', '2pirop2345', 'AZLATANERA', 'Asriel29', 'GI_GGS', 'KABO_H', 'OLambesten', 'ToRPopcom', 'YAMADAMITIO', 'jet_black_boy10']  (누적 792초)
[00:03:18] 팀 방향 점검: 라인업 이름표 1048개 중 us 855 (0.82) · other 52 · opp 141 (누적 793초)
[00:03:23] 선수 판별 (누적 798초)
[00:04:01] 마커 22s  us real 29976 marker 22416 (75%) (누적 836초)
새 팀원·게스트 후보: 없음
미출전 가능성: 없음
우리 선수 이름이 상대 유니폼 위에: 없음
[00:05:00] 팀 구분·라인업 점검 (누적 895초)
마커 모델 건너뜀: 학습에 없던 선수 ['Hoiibe', 'Osumane_dembele1']
위치채움 2311개 · 우리팀 이름 비율 77.8% → 85.2%
[0~1000000000초] 경기 시계 45분 시점 영상 552초 → 진영 바뀜 장면 2760
[0~1000000000초] GK 이름표 82개 · 진영 바뀌는 장면 2760 · 일치 82/82 · 전반 우리 골대 왼쪽
GK 판별 {'us_gk 군집 → us': 943, '별 없는 DUNK 이름 지움': 15, 'GK 지정': 892, '상대 유니폼 위 우리 이름 지움': 79, 'GK 상자의 필드선수 이름 교체': 55, 'GK 아닌 상자 myman6 이름 지움': 13, 'GK 팀 바로잡음': 4, 'us_gk 군집 → opp': 38}
[00:05:13] 마커 모델·위치 이어붙이기 이름 채움·골키퍼 판별 (누적 908초)
[00:13:21] 공 추적 공 추적 3421장 8.1분 · 전체화면 비율 0.32 · 공 찾음 0.80 · 이어붙임 313장 원터치 인정 21(같은 선수 소유에 합침 6) · 공 가진 장면 1241 · 소유 구간 253 (우리 162, 상대 91) · 소유 시간 우리 148초 상대 77초 · {'opp_pass_or_dribble': 58, 'opp_lost': 21, 'us_pass_named': 104, 'us_pass_or_dribble': 19, 'us_lost': 22}  (누적 1396초)
[00:20:21] 0.1초 공 추적 [전체] 부분검사 3217회 2.2분 · 전체화면 825회 4.4분 · 중간 장면 3476장 7.0분 · 전체화면 0.24 · 공 찾음 0.80 · 좌표 있음 0.77 (누적 1816초)
경기 후보 1: 영상 150초 ~ 1061초, 경기시계 0분 ~ 92분
[00:20:21] 완료 (누적 1816초)
