team_feat 69707
{'c': 0, 'n': 13817, 'lineup_tags': 122, 'opp_tags': 256, 'gk_tags': 0, 'role': 'opp', 'top': [(19, 0.42), (18, 0.32), (17, 0.15)]}
{'c': 1, 'n': 19105, 'lineup_tags': 2556, 'opp_tags': 6, 'gk_tags': 0, 'role': 'us', 'top': [(16, 0.39), (17, 0.2), (18, 0.16)]}
{'c': 2, 'n': 14287, 'lineup_tags': 40, 'opp_tags': 241, 'gk_tags': 0, 'role': 'opp', 'top': [(19, 0.65), (18, 0.21), (17, 0.08)]}
{'c': 3, 'n': 1915, 'lineup_tags': 3, 'opp_tags': 0, 'gk_tags': 82, 'role': 'us_gk', 'top': [(0, 0.49), (1, 0.2), (2, 0.09)]}
{'c': 4, 'n': 6494, 'lineup_tags': 243, 'opp_tags': 88, 'gk_tags': 0, 'role': 'opp', 'top': [(18, 0.55), (17, 0.18), (19, 0.12)]}
{'c': 5, 'n': 3420, 'lineup_tags': 0, 'opp_tags': 0, 'gk_tags': 0, 'role': 'other', 'top': [(11, 0.44), (17, 0.17), (16, 0.12)]}
{'c': 6, 'n': 8844, 'lineup_tags': 564, 'opp_tags': 8, 'gk_tags': 0, 'role': 'us', 'top': [(17, 0.44), (18, 0.18), (16, 0.15)]}
{'c': 7, 'n': 1825, 'lineup_tags': 5, 'opp_tags': 0, 'gk_tags': 0, 'role': 'opp', 'top': [(9, 0.45), (10, 0.24), (11, 0.08)]}
tid 다수결 수정 1981
CNN 결합 69870 변경 2453 
새 팀원·게스트 후보: 없음
미출전 가능성: 없음
우리 선수 이름이 상대 유니폼 위에: 없음
마커 모델 건너뜀: 학습에 없던 선수 ['Hoiibe', 'Osumane_dembele1']
위치채움 2309개 · 우리팀 이름 비율 77.8% → 85.2%
상대 GK 로 보이는 이름 [] → 상자 0개 상대로
남은 한 명(줄기) 채움 24개 · 줄기 3개 · {'DUNK(나)': 20, 'ufomg123': 4}
위치채움 2312개 · 우리팀 이름 비율 77.9% → 85.3%
[0~1000000000초] 경기 시계 45분 시점 영상 552초 → 진영 바뀜 장면 2760
[0~1000000000초] GK 이름표 82개 · 진영 바뀌는 장면 2760 · 일치 82/82 · 전반 우리 골대 왼쪽
GK 판별 {'us_gk 군집 → us': 932, '별 없는 DUNK 이름 지움': 24, 'GK 지정': 892, '상대 유니폼 위 우리 이름 지움': 80, 'GK 상자의 필드선수 이름 교체': 55, 'GK 아닌 상자 myman6 이름 지움': 13, 'GK 팀 바로잡음': 4, 'us_gk 군집 → opp': 38}
