1100
00:00-02:29 ( 150s) menu/cutscene  game -
02:30-02:54 (  25s) play           game 00:00~02:56
02:55-02:57 (   3s) stopped        game 02:59~03:01
02:58-03:54 (  57s) play           game 03:02~10:04
03:55-03:55 (   1s) menu/cutscene  game 10:12~10:12
03:56-05:36 ( 101s) play           game 10:19~22:52
05:37-05:39 (   3s) stopped        game 22:53~22:55
05:40-06:07 (  28s) play           game 22:56~26:19
06:08-06:23 (  16s) stopped        game 26:20~26:35
06:24-07:21 (  58s) play           game 26:36~33:44
07:22-07:24 (   3s) stopped        game 33:46~33:48
07:25-08:00 (  36s) play           game 33:49~38:12
08:01-08:05 (   5s) menu/cutscene  game -
08:06-08:11 (   6s) stopped        game 38:19~38:23
08:12-08:32 (  21s) play           game 38:24~40:53
08:33-08:33 (   1s) menu/cutscene  game 41:01~41:01
08:34-08:41 (   8s) play           game 41:08~42:01
08:42-08:48 (   7s) stopped        game 42:02~42:08
08:49-09:16 (  28s) play           game 42:09~45:32
09:17-10:09 (  53s) menu/cutscene  game -
10:10-10:10 (   1s) stopped        game 45:00~45:00
10:11-10:42 (  32s) play           game 45:00~48:49
10:43-10:44 (   2s) menu/cutscene  game 49:05~49:05
10:45-10:54 (  10s) play           game 49:12~50:20
10:55-10:55 (   1s) menu/cutscene  game -
10:56-11:23 (  28s) play           game 50:35~53:59
11:24-11:24 (   1s) menu/cutscene  game -
11:25-11:44 (  20s) play           game 54:15~56:36
11:45-11:57 (  13s) stopped        game 56:37~56:49
11:58-12:12 (  15s) play           game 56:50~58:35
12:13-12:13 (   1s) menu/cutscene  game 58:43~58:43
12:14-12:14 (   1s) play           game 58:51~58:51
12:15-12:17 (   3s) menu/cutscene  game -
12:18-12:25 (   8s) stopped        game 58:59~59:06
12:26-12:28 (   3s) menu/cutscene  game 59:16~59:16
12:29-12:33 (   5s) play           game 59:24~59:52
12:34-12:39 (   6s) stopped        game 59:53~59:58
12:40-12:43 (   4s) play           game 60:00~60:23
12:44-12:44 (   1s) menu/cutscene  game -
12:45-13:07 (  23s) play           game 60:38~63:24
13:08-13:10 (   3s) menu/cutscene  game -
13:11-13:41 (  31s) play           game 63:54~67:41
13:42-13:43 (   2s) menu/cutscene  game 67:49~67:49
13:44-14:10 (  27s) play           game 68:04~71:20
14:11-14:14 (   4s) stopped        game 71:21~71:24
14:15-14:15 (   1s) menu/cutscene  game 71:25~71:25
14:16-14:16 (   1s) play           game 71:29~71:29
14:17-14:17 (   1s) menu/cutscene  game -
14:18-14:18 (   1s) play           game 71:45~71:45
14:19-14:20 (   2s) menu/cutscene  game 71:52~71:52
14:21-14:46 (  26s) play           game 72:07~75:16
14:47-14:48 (   2s) menu/cutscene  game -
14:49-14:59 (  11s) play           game 75:39~76:54
15:00-15:11 (  12s) stopped        game 76:55~77:06
15:12-15:25 (  14s) play           game 77:07~78:42
15:26-15:30 (   5s) menu/cutscene  game -
15:31-15:31 (   1s) stopped        game 78:57~78:57
15:32-15:32 (   1s) play           game 78:58~78:58
15:33-15:33 (   1s) menu/cutscene  game 79:00~79:00
15:34-15:59 (  26s) play           game 79:07~82:16
16:00-16:05 (   6s) menu/cutscene  game -
16:06-16:15 (  10s) play           game 83:09~84:17
16:16-16:17 (   2s) menu/cutscene  game 84:25~84:25
16:18-16:24 (   7s) play           game 84:40~85:22
16:25-16:25 (   1s) menu/cutscene  game -
16:26-16:45 (  20s) stopped        game 85:25~85:44
16:46-17:02 (  17s) play           game 85:46~87:46
17:03-17:03 (   1s) menu/cutscene  game -
17:04-17:04 (   1s) play           game 88:01~88:01
17:05-17:09 (   5s) stopped        game 88:03~88:07
17:10-17:12 (   3s) play           game 88:08~88:22
17:13-17:13 (   1s) menu/cutscene  game -
17:14-17:16 (   3s) play           game 88:38~88:53
17:17-17:18 (   2s) menu/cutscene  game -
17:19-17:41 (  23s) play           game 89:16~92:00
17:42-17:42 (   1s) stopped        game 92:00~92:00
17:43-18:19 (  37s) menu/cutscene  game -
Counter({'play': 702, 'menu/cutscene': 289, 'stopped': 109})
시계 이상값 제거 0 / 819
