crop=
영상 높이 1080
[23:22:05] 프레임 추출 1100초/5500장/중간 5500장 (누적 120초)
[23:22:16] 장면 구분 시계 이상값 제거 0 / 819 (누적 131초)
[23:22:37] 라인업 {"LS": "GarethBale0413", "RS": "e_dembel", "CAM": "ufomg123", "LCM": "JANG_BUTTER", "RCM": "Kidz43", "CDM": "Holibe", "LB": "GAETERLING", "LCB": "KR_Gang", "RCB": "Gamm_jA", "RB": "MandoolsLove", "GK": "myman6"} (누적 152초)
[23:24:58] 선수·공 검출 (누적 293초)
[23:27:15] 카메라 done 134s usable 3384 / 3510 301 refined (누적 430초)
[23:27:31] 카메라 보정 done 16s usable 3421/3510 rescued 37 (누적 446초)
[23:28:38] 특징 추출 이름표 연결 정리 {'kept': 1716, 'icon': np.int64(1799), 'moved': 205, 'dropped': 121} (누적 513초)
[23:28:45] 팀·추적 (누적 520초)
[23:30:56] 이름 판별 {'ours(model)': 1070, 'undecided→ocr': 490, 'model-rejected': 39, 'opp(ocr)': 638, 'ours(ocr)': 148, 'opp-unnamed': 55} 상대 이름(자동) ['2KR_Fantomupein', '2pirop2345', 'AZLATANERA', 'Asriel29', 'GI_GGS', 'KABO_H', 'OLambesten', 'ToRPopcom', 'YAMADAMITIO', 'jet_black_boy10']  (누적 651초)
[23:30:56] 팀 방향 점검: 라인업 이름표 1042개 중 us 850 (0.82) · other 54 · opp 138 (누적 651초)
[23:31:01] 선수 판별 (누적 656초)
[23:31:35] 마커 19s  us real 29982 marker 22441 (75%) (누적 690초)
새 팀원·게스트 후보: 없음
미출전 가능성: 없음
우리 선수 이름이 상대 유니폼 위에: 없음
[23:32:33] 팀 구분·라인업 점검 (누적 748초)
마커 모델 건너뜀: 학습에 없던 선수 ['Holibe', 'e_dembel']
위치채움 2485개 · 우리팀 이름 비율 76.6% → 84.5%
[0~1000000000초] 경기 시계 45분 시점 영상 552초 → 진영 바뀜 장면 2760
[0~1000000000초] GK 이름표 83개 · 진영 바뀌는 장면 2760 · 일치 83/83 · 전반 우리 골대 왼쪽
GK 판별 {'us_gk 군집 → us': 926, '별 없는 DUNK 이름 지움': 15, 'GK 지정': 894, 'GK 상자의 필드선수 이름 교체': 100, '상대 유니폼 위 우리 이름 지움': 56, 'GK 아닌 상자 myman6 이름 지움': 11, 'GK 팀 바로잡음': 4, 'us_gk 군집 → opp': 37}
[23:32:44] 마커 모델·위치 이어붙이기 이름 채움·골키퍼 판별 (누적 759초)
[23:37:44] 공 추적 공 추적 3421장 5.0분 · 전체화면 비율 0.33 · 공 찾음 0.80 · 이어붙임 326장 원터치 인정 21(같은 선수 소유에 합침 6) · 공 가진 장면 1250 · 소유 구간 256 (우리 163, 상대 93) · 소유 시간 우리 149초 상대 78초 · {'opp_pass_or_dribble': 60, 'opp_lost': 21, 'us_pass_named': 104, 'us_pass_or_dribble': 19, 'us_lost': 23}  (누적 1059초)
[23:41:58] 0.1초 공 추적 [전체] 부분검사 3215회 1.2분 · 전체화면 820회 2.7분 · 중간 장면 3476장 4.2분 · 전체화면 0.24 · 공 찾음 0.80 · 좌표 있음 0.77 (누적 1313초)
경기 후보 1: 영상 150초 ~ 1061초, 경기시계 0분 ~ 92분
[23:41:58] 완료 (누적 1313초)
