team_feat 67282
{'c': 0, 'n': 26353, 'lineup_tags': 119, 'opp_tags': 649, 'gk_tags': 0, 'role': 'opp', 'top': [(19, 0.75), (18, 0.19), (17, 0.03)]}
{'c': 1, 'n': 5600, 'lineup_tags': 362, 'opp_tags': 0, 'gk_tags': 0, 'role': 'us', 'top': [(17, 0.53), (16, 0.15), (18, 0.13)]}
{'c': 2, 'n': 15260, 'lineup_tags': 1898, 'opp_tags': 2, 'gk_tags': 0, 'role': 'us', 'top': [(16, 0.45), (17, 0.24), (18, 0.13)]}
{'c': 3, 'n': 8014, 'lineup_tags': 765, 'opp_tags': 59, 'gk_tags': 0, 'role': 'us', 'top': [(18, 0.29), (17, 0.21), (16, 0.14)]}
{'c': 4, 'n': 4134, 'lineup_tags': 39, 'opp_tags': 105, 'gk_tags': 0, 'role': 'opp', 'top': [(18, 0.67), (19, 0.23), (17, 0.08)]}
{'c': 5, 'n': 2823, 'lineup_tags': 2, 'opp_tags': 2, 'gk_tags': 0, 'role': 'opp', 'top': [(7, 0.38), (16, 0.11), (6, 0.1)]}
{'c': 6, 'n': 1928, 'lineup_tags': 31, 'opp_tags': 2, 'gk_tags': 0, 'role': 'opp', 'top': [(9, 0.42), (8, 0.3), (17, 0.1)]}
{'c': 7, 'n': 3170, 'lineup_tags': 177, 'opp_tags': 1, 'gk_tags': 41, 'role': 'us', 'top': [(2, 0.35), (1, 0.17), (18, 0.11)]}
tid 다수결 수정 1245
CNN 결합 67490 변경 1482 
새 팀원·게스트 후보: [['Alpha_Fox9', 46, 48]]
미출전 가능성: 없음
우리 선수 이름이 상대 유니폼 위에: [['myman6', 27, 41]]
마커 모델 건너뜀: 학습에 없던 선수 ['SAMBAEK']
위치채움 1704개 · 우리팀 이름 비율 68.6% → 73.8%
상대 GK 로 보이는 이름 ['Alpha_Fox9'] → 상자 46개 상대로
남은 한 명(줄기) 채움 82개 · 줄기 3개 · {'KR_Gang': 82}
위치채움 1705개 · 우리팀 이름 비율 69.0% → 74.1%
[0~1000000000초] 경기 시계 45분 시점 영상 684초 → 진영 바뀜 장면 3420
[0~1000000000초] GK 이름표 41개 · 진영 바뀌는 장면 3420 · 일치 41/41 · 전반 우리 골대 왼쪽
GK 판별 {'상대 유니폼 위 우리 이름 지움': 123, 'GK 팀 바로잡음': 796, 'GK 지정': 796, '별 없는 DUNK 이름 지움': 2, 'GK 아닌 상자 myman6 이름 지움': 6}
