crop=
영상 높이 1080
[06:27:10] 프레임 추출 1178초/5890장/중간 5890장 (누적 92초)
[06:27:17] 장면 구분 시계 이상값 제거 0 / 866 (누적 99초)
[06:27:44] 라인업 {"LS": "SAMBAEK", "RS": "GarethBale0413", "CAM": "comba3", "LCM": "ufomg123", "RCM": "Kidz43", "CDM": "JANG_BUTTER", "LB": "GAETERLING", "LCB": "KR_Gang", "RCB": "Gamm_jA", "RB": "MandoolsLove", "GK": "myman6"} (누적 126초)
[06:29:12] 선수·공 검출 (누적 214초)
[06:30:36] 카메라 done 81s usable 3377 / 3555 338 refined (누적 298초)
[06:30:51] 카메라 보정 done 15s usable 3423/3555 rescued 46 (누적 313초)
[06:31:42] 특징 추출 이름표 연결 정리 {'moved': 273, 'icon': np.int64(2092), 'kept': 1910, 'dropped': 160} (누적 364초)
[06:31:48] 팀·추적 (누적 370초)
[06:33:34] 이름 판별 {'ours(model)': 1133, 'undecided→ocr': 689, 'model-rejected': 49, 'ours(ocr)': 76, 'opp(ocr)': 927, 'opp-unnamed': 38} 상대 이름(자동) ['Alpha_Fox9', 'FKSefukel', 'TEABSOO', 'barcelery2017', 'finger_26', 'hotkunman', 'kankanO91', 'msyh_miyashimsy', 'nyanta_O619', 'yamakaji21']  (누적 476초)
[06:33:35] 팀 방향 점검: 라인업 이름표 1101개 중 us 897 (0.81) · other 70 · opp 134 (누적 477초)
[06:33:39] 선수 판별 (누적 481초)
[06:34:02] 마커 12s  us real 31486 marker 21806 (69%) (누적 504초)
새 팀원·게스트 후보: [['Alpha_Fox9', 46, 48]]
미출전 가능성: 없음
우리 선수 이름이 상대 유니폼 위에: [['myman6', 27, 41]]
[06:34:37] 팀 구분·라인업 점검 (누적 539초)
마커 모델 건너뜀: 학습에 없던 선수 ['SAMBAEK']
위치채움 1704개 · 우리팀 이름 비율 68.6% → 73.8%
상대 GK 로 보이는 이름 ['Alpha_Fox9'] → 상자 46개 상대로
남은 한 명(줄기) 채움 82개 · 줄기 3개 · {'KR_Gang': 82}
위치채움 1705개 · 우리팀 이름 비율 69.0% → 74.1%
[0~1000000000초] 경기 시계 45분 시점 영상 684초 → 진영 바뀜 장면 3420
[0~1000000000초] GK 이름표 41개 · 진영 바뀌는 장면 3420 · 일치 41/41 · 전반 우리 골대 왼쪽
GK 판별 {'상대 유니폼 위 우리 이름 지움': 123, 'GK 팀 바로잡음': 796, 'GK 지정': 796, '별 없는 DUNK 이름 지움': 2, 'GK 아닌 상자 myman6 이름 지움': 6}
[06:34:52] 마커 모델·위치 이어붙이기 이름 채움·골키퍼 판별 (누적 554초)
[06:37:45] 공 추적 공 추적 3423장 2.8분 · 전체화면 비율 0.36 · 공 찾음 0.77 · 이어붙임 357장 원터치 인정 21(같은 선수 소유에 합침 1) · 공 가진 장면 1268 · 소유 구간 250 (우리 149, 상대 101) · 소유 시간 우리 144초 상대 94초 · {'us_pass_named': 75, 'us_lost': 28, 'opp_pass_or_dribble': 58, 'opp_lost': 30, 'us_pass_or_dribble': 32}  (누적 727초)
[06:40:19] 0.1초 공 추적 [전체] 부분검사 3155회 0.7분 · 전체화면 931회 1.6분 · 중간 장면 3519장 2.5분 · 전체화면 0.26 · 공 찾음 0.78 · 좌표 있음 0.74 (누적 881초)
경기 후보 1: 영상 201초 ~ 1162초, 경기시계 0분 ~ 91분
[06:40:19] 완료 (누적 881초)
