1178
00:00-03:20 ( 201s) menu/cutscene  game -
03:21-03:52 (  32s) play           game 00:00~03:50
03:53-03:55 (   3s) menu/cutscene  game -
03:56-04:14 (  19s) stopped        game 03:54~04:12
04:15-04:42 (  28s) play           game 04:13~07:35
04:43-04:50 (   8s) stopped        game 07:36~07:43
04:51-05:48 (  58s) play           game 07:44~14:52
05:49-05:49 (   1s) stopped        game 14:53~14:53
05:50-05:59 (  10s) play           game 14:54~15:58
06:00-06:08 (   9s) stopped        game 16:00~16:08
06:09-06:13 (   5s) play           game 16:09~16:38
06:14-06:21 (   8s) stopped        game 16:38~16:46
06:22-06:38 (  17s) play           game 16:47~18:42
06:39-06:39 (   1s) menu/cutscene  game -
06:40-06:58 (  19s) stopped        game 18:48~19:06
06:59-07:27 (  29s) play           game 19:07~22:35
07:28-07:30 (   3s) stopped        game 22:36~22:38
07:31-07:34 (   4s) play           game 22:40~23:02
07:35-07:35 (   1s) menu/cutscene  game 23:10~23:10
07:36-07:45 (  10s) play           game 23:17~24:24
07:46-07:54 (   9s) stopped        game 24:25~24:33
07:55-07:57 (   3s) play           game 24:34~24:48
07:58-07:58 (   1s) menu/cutscene  game 24:56~24:56
07:59-08:03 (   5s) play           game 25:03~25:33
08:04-08:12 (   9s) stopped        game 25:35~25:43
08:13-08:39 (  27s) play           game 25:45~29:01
08:40-08:42 (   3s) stopped        game 29:04~29:06
08:43-08:56 (  14s) play           game 29:07~30:36
08:57-09:05 (   9s) stopped        game 30:38~30:46
09:06-09:06 (   1s) play           game 30:48~30:48
09:07-09:08 (   2s) menu/cutscene  game 30:55~31:03
09:09-09:20 (  12s) play           game 31:10~32:30
09:21-09:26 (   6s) stopped        game 32:31~32:36
09:27-09:53 (  27s) play           game 32:37~35:51
09:54-09:56 (   3s) stopped        game 35:52~35:54
09:57-10:19 (  23s) play           game 35:55~38:40
10:20-10:34 (  15s) stopped        game 38:42~38:57
10:35-11:39 (  65s) play           game 38:58~47:00
11:40-11:52 (  13s) menu/cutscene  game -
11:53-11:57 (   5s) stopped        game 47:15~47:19
11:58-12:50 (  53s) menu/cutscene  game -
12:51-12:53 (   3s) stopped        game 45:00~45:00
12:54-13:09 (  16s) play           game 45:00~46:51
13:10-13:19 (  10s) stopped        game 46:52~47:01
13:20-13:37 (  18s) play           game 47:02~49:06
13:38-13:38 (   1s) menu/cutscene  game -
13:39-13:50 (  12s) play           game 49:21~50:44
13:51-13:51 (   1s) menu/cutscene  game -
13:52-14:12 (  21s) play           game 50:59~53:29
14:13-14:13 (   1s) menu/cutscene  game -
14:14-14:15 (   2s) stopped        game 53:31~53:32
14:16-14:18 (   3s) menu/cutscene  game -
14:19-14:26 (   8s) play           game 54:02~54:54
14:27-14:28 (   2s) menu/cutscene  game 55:10~55:10
14:29-14:58 (  30s) play           game 55:17~58:56
14:59-14:59 (   1s) menu/cutscene  game -
15:00-15:23 (  24s) play           game 59:12~62:05
15:24-15:24 (   1s) menu/cutscene  game 62:13~62:13
15:25-15:49 (  25s) play           game 62:21~65:22
15:50-15:51 (   2s) menu/cutscene  game -
15:52-15:54 (   3s) play           game 65:45~66:00
15:55-15:57 (   3s) menu/cutscene  game -
15:58-16:00 (   3s) stopped        game 66:20~66:22
16:01-16:09 (   9s) play           game 66:23~67:23
16:10-16:12 (   3s) menu/cutscene  game 67:30~67:30
16:13-16:24 (  12s) play           game 67:53~69:16
16:25-16:25 (   1s) menu/cutscene  game -
16:26-17:54 (  89s) play           game 69:31~80:37
17:55-17:58 (   4s) menu/cutscene  game 80:44~81:07
17:59-18:01 (   3s) play           game 81:14~81:30
18:02-18:02 (   1s) menu/cutscene  game -
18:03-18:03 (   1s) play           game 81:45~81:45
18:04-18:04 (   1s) menu/cutscene  game 81:52~81:52
18:05-18:16 (  12s) play           game 82:00~83:20
18:17-18:17 (   1s) stopped        game 83:21~83:21
18:18-18:38 (  21s) play           game 83:22~85:49
18:39-18:44 (   6s) menu/cutscene  game -
18:45-19:10 (  26s) play           game 86:42~89:51
19:11-19:11 (   1s) menu/cutscene  game -
19:12-19:22 (  11s) play           game 90:06~91:18
19:23-19:37 (  15s) menu/cutscene  game -
Counter({'play': 711, 'menu/cutscene': 322, 'stopped': 145})
시계 이상값 제거 0 / 866
