crop=
영상 높이 1080
[05:24:28] 프레임 추출 1178초/5890장/중간 5890장 (누적 126초)
[05:24:39] 장면 구분 시계 이상값 제거 0 / 866 (누적 137초)
[05:25:17] 라인업 {"LS": "SAMBAEK", "RS": "GarethBale0413", "CAM": "comba3", "LCM": "ufomg123", "RCM": "Kidz43", "CDM": "JANG_BUTTER", "LB": "GAETERLING", "LCB": "KR_Gang", "RCB": "Gamm_jA", "RB": "MandoolsLove", "GK": "myman6"} (누적 175초)
[05:27:34] 선수·공 검출 (누적 312초)
[05:29:58] 카메라 done 141s usable 3372 / 3555 344 refined (누적 456초)
[05:30:22] 카메라 보정 done 23s usable 3421/3555 rescued 49 (누적 480초)
[05:31:36] 특징 추출 이름표 연결 정리 {'dropped': 161, 'icon': np.int64(2090), 'kept': 1907, 'moved': 271} (누적 554초)
[05:31:42] 팀·추적 (누적 560초)
[05:34:16] 이름 판별 {'ours(model)': 1132, 'undecided→ocr': 688, 'model-rejected': 49, 'ours(ocr)': 77, 'opp-unnamed': 36, 'opp(ocr)': 925} 상대 이름(자동) ['A8500', 'Alpha_Fox9', 'FKSefukel', 'TEABSOO', 'barcelery2017', 'finger_26', 'hotkunman', 'kankanO91', 'msyh_miyashimsy', 'nyanta_O619', 'yamakaji21']  (누적 714초)
[05:34:16] 팀 방향 점검: 라인업 이름표 1100개 중 us 897 (0.82) · other 74 · opp 129 (누적 714초)
[05:34:21] 선수 판별 (누적 719초)
[05:34:53] 마커 18s  us real 31463 marker 21776 (69%) (누적 751초)
새 팀원·게스트 후보: [['Alpha_Fox9', 45, 46]]
미출전 가능성: 없음
우리 선수 이름이 상대 유니폼 위에: [['myman6', 29, 42]]
[05:35:48] 팀 구분·라인업 점검 (누적 806초)
마커 모델 건너뜀: 학습에 없던 선수 ['SAMBAEK']
위치채움 1645개 · 우리팀 이름 비율 68.6% → 73.6%
[0~1000000000초] 경기 시계 45분 시점 영상 684초 → 진영 바뀜 장면 3420
[0~1000000000초] GK 이름표 42개 · 진영 바뀌는 장면 3420 · 일치 42/42 · 전반 우리 골대 왼쪽
GK 판별 {'상대 유니폼 위 우리 이름 지움': 106, 'GK 팀 바로잡음': 796, 'GK 지정': 796, '별 없는 DUNK 이름 지움': 2, 'GK 아닌 상자 myman6 이름 지움': 3}
[05:35:58] 마커 모델·위치 이어붙이기 이름 채움·골키퍼 판별 (누적 816초)
[05:41:13] 공 추적 공 추적 3421장 5.2분 · 전체화면 비율 0.36 · 공 찾음 0.77 · 이어붙임 353장 원터치 인정 25(같은 선수 소유에 합침 1) · 공 가진 장면 1259 · 소유 구간 257 (우리 155, 상대 102) · 소유 시간 우리 142초 상대 90초 · {'us_pass_named': 77, 'us_lost': 27, 'opp_pass_or_dribble': 61, 'opp_lost': 27, 'us_pass_or_dribble': 37}  (누적 1131초)
[05:45:59] 0.1초 공 추적 [전체] 부분검사 3166회 1.2분 · 전체화면 950회 3.1분 · 중간 장면 3519장 4.7분 · 전체화면 0.27 · 공 찾음 0.78 · 좌표 있음 0.74 (누적 1417초)
경기 후보 1: 영상 201초 ~ 1162초, 경기시계 0분 ~ 91분
[05:45:59] 완료 (누적 1417초)
