team_feat 67260
{'c': 0, 'n': 3471, 'lineup_tags': 201, 'opp_tags': 1, 'gk_tags': 42, 'role': 'us', 'top': [(2, 0.33), (1, 0.18), (18, 0.11)]}
{'c': 1, 'n': 26309, 'lineup_tags': 115, 'opp_tags': 650, 'gk_tags': 0, 'role': 'opp', 'top': [(19, 0.75), (18, 0.2), (17, 0.03)]}
{'c': 2, 'n': 4154, 'lineup_tags': 39, 'opp_tags': 107, 'gk_tags': 0, 'role': 'opp', 'top': [(18, 0.66), (19, 0.24), (17, 0.08)]}
{'c': 3, 'n': 5527, 'lineup_tags': 356, 'opp_tags': 0, 'gk_tags': 0, 'role': 'us', 'top': [(17, 0.53), (16, 0.15), (18, 0.13)]}
{'c': 4, 'n': 7702, 'lineup_tags': 730, 'opp_tags': 60, 'gk_tags': 1, 'role': 'us', 'top': [(18, 0.29), (17, 0.22), (16, 0.13)]}
{'c': 5, 'n': 1894, 'lineup_tags': 29, 'opp_tags': 2, 'gk_tags': 0, 'role': 'opp', 'top': [(9, 0.42), (8, 0.32), (17, 0.09)]}
{'c': 6, 'n': 15368, 'lineup_tags': 1915, 'opp_tags': 1, 'gk_tags': 0, 'role': 'us', 'top': [(16, 0.45), (17, 0.24), (18, 0.13)]}
{'c': 7, 'n': 2835, 'lineup_tags': 1, 'opp_tags': 2, 'gk_tags': 0, 'role': 'opp', 'top': [(7, 0.38), (16, 0.11), (6, 0.1)]}
tid 다수결 수정 1234
CNN 결합 67479 변경 1470 
새 팀원·게스트 후보: [['Alpha_Fox9', 45, 47]]
미출전 가능성: 없음
우리 선수 이름이 상대 유니폼 위에: [['myman6', 28, 43]]
마커 모델 건너뜀: 학습에 없던 선수 ['SAMBAEK']
위치채움 1729개 · 우리팀 이름 비율 68.9% → 74.1%
상대 GK 로 보이는 이름 ['Alpha_Fox9'] → 상자 45개 상대로
남은 한 명(줄기) 채움 507개 · 줄기 11개 · {'KR_Gang': 507}
done 3420
남은 한 명(색 확인) 채움 2035개 · 기준색 ['DUNK(나)', 'GAETERLING', 'GarethBale0413', 'JANG_BUTTER', 'KR_Gang', 'Kidz43', 'comba3', 'ufomg123'] · {'색만:GarethBale0413': 117, '색만:KR_Gang': 1316, '색만:JANG_BUTTER': 115, '색만:comba3': 199, '색만:GAETERLING': 20, '색만:Kidz43': 138, '색만:DUNK(나)': 30, '색만:ufomg123': 100}
위치채움 1831개 · 우리팀 이름 비율 76.7% → 82.2%
[0~1000000000초] 경기 시계 45분 시점 영상 684초 → 진영 바뀜 장면 3420
[0~1000000000초] GK 이름표 43개 · 진영 바뀌는 장면 3420 · 일치 43/43 · 전반 우리 골대 왼쪽
GK 판별 {'상대 유니폼 위 우리 이름 지움': 94, 'GK 팀 바로잡음': 796, 'GK 지정': 796, '별 없는 DUNK 이름 지움': 2, 'GK 아닌 상자 myman6 이름 지움': 7}
