crop=
영상 높이 1080
[10:25:53] 프레임 추출 1178초/5890장/중간 5890장 (누적 136초)
[10:26:04] 장면 구분 시계 이상값 제거 0 / 866 (누적 147초)
[10:26:48] 라인업 {"LS": "SAMBAEK", "RS": "GarethBale0413", "CAM": "comba3", "LCM": "ufomg123", "RCM": "Kidz43", "CDM": "JANG_BUTTER", "LB": "GAETERLING", "LCB": "KR_Gang", "RCB": "Gamm_jA", "RB": "MandoolsLove", "GK": "myman6"} (누적 191초)
[10:30:17] 선수·공 검출 (누적 400초)
[10:33:23] 카메라 done 182s usable 3372 / 3555 344 refined (누적 586초)
[10:33:48] 카메라 보정 done 24s usable 3421/3555 rescued 49 (누적 611초)
[10:35:13] 특징 추출 이름표 연결 정리 {'dropped': 162, 'icon': np.int64(2090), 'kept': 1904, 'moved': 278} (누적 696초)
[10:35:21] 팀·추적 (누적 704초)
[10:38:28] 이름 판별 {'ours(model)': 1131, 'undecided→ocr': 689, 'model-rejected': 49, 'ours(ocr)': 77, 'opp-unnamed': 37, 'opp(ocr)': 929} 상대 이름(자동) ['A8500', 'Alpha_Fox9', 'FKSefukel', 'TEABSOO', 'barcelery2017', 'finger_26', 'hotkunman', 'kankanO91', 'msyh_miyashimsy', 'nyanta_O619', 'yamakaji21']  (누적 891초)
[10:38:29] 팀 방향 점검: 라인업 이름표 1099개 중 us 892 (0.81) · other 76 · opp 131 (누적 892초)
[10:38:35] 선수 판별 (누적 898초)
[10:39:13] 마커 22s  us real 31454 marker 21782 (69%) (누적 936초)
새 팀원·게스트 후보: [['Alpha_Fox9', 45, 47]]
미출전 가능성: 없음
우리 선수 이름이 상대 유니폼 위에: [['myman6', 28, 43]]
[10:40:14] 팀 구분·라인업 점검 (누적 997초)
마커 모델 건너뜀: 학습에 없던 선수 ['SAMBAEK']
위치채움 1729개 · 우리팀 이름 비율 68.9% → 74.1%
상대 GK 로 보이는 이름 ['Alpha_Fox9'] → 상자 45개 상대로
남은 한 명(줄기) 채움 507개 · 줄기 11개 · {'KR_Gang': 507}
done 3420
남은 한 명(색 확인) 채움 2035개 · 기준색 ['DUNK(나)', 'GAETERLING', 'GarethBale0413', 'JANG_BUTTER', 'KR_Gang', 'Kidz43', 'comba3', 'ufomg123'] · {'색만:GarethBale0413': 117, '색만:KR_Gang': 1316, '색만:JANG_BUTTER': 115, '색만:comba3': 199, '색만:GAETERLING': 20, '색만:Kidz43': 138, '색만:DUNK(나)': 30, '색만:ufomg123': 100}
위치채움 1831개 · 우리팀 이름 비율 76.7% → 82.2%
[0~1000000000초] 경기 시계 45분 시점 영상 684초 → 진영 바뀜 장면 3420
[0~1000000000초] GK 이름표 43개 · 진영 바뀌는 장면 3420 · 일치 43/43 · 전반 우리 골대 왼쪽
GK 판별 {'상대 유니폼 위 우리 이름 지움': 94, 'GK 팀 바로잡음': 796, 'GK 지정': 796, '별 없는 DUNK 이름 지움': 2, 'GK 아닌 상자 myman6 이름 지움': 7}
[10:41:21] 마커 모델·위치 이어붙이기 이름 채움·골키퍼 판별 (누적 1064초)
[10:50:19] 공 추적 공 추적 3421장 8.9분 · 전체화면 비율 0.36 · 공 찾음 0.77 · 이어붙임 353장 원터치 인정 27(같은 선수 소유에 합침 0) · 공 가진 장면 1262 · 소유 구간 257 (우리 153, 상대 104) · 소유 시간 우리 139초 상대 91초 · {'us_pass_named': 87, 'us_lost': 28, 'opp_pass_or_dribble': 61, 'opp_lost': 28, 'us_pass_or_dribble': 25}  (누적 1602초)
[10:58:06] 0.1초 공 추적 [전체] 부분검사 3166회 2.2분 · 전체화면 944회 5.2분 · 중간 장면 3519장 7.7분 · 전체화면 0.27 · 공 찾음 0.78 · 좌표 있음 0.74 (누적 2069초)
경기 후보 1: 영상 201초 ~ 1162초, 경기시계 0분 ~ 91분
[10:58:06] 완료 (누적 2069초)
